#-----------------------------------------------------------
# Vivado v2016.2 (64-bit)
# SW Build 1577090 on Thu Jun  2 16:32:40 MDT 2016
# IP Build 1577682 on Fri Jun  3 12:00:54 MDT 2016
# Start of session at: Wed Dec 08 00:16:14 2021
# Process ID: 6328
# Current directory: D:/搜狗高速下载/CelluarAutomata_FPGA-master/CelluarAutomata_FPGA-master
# Command line: vivado.exe -gui_launcher_event rodinguilauncherevent3712 D:\搜狗高速下载\CelluarAutomata_FPGA-master\CelluarAutomata_FPGA-master\CelluarAutomata_FPGA.xpr
# Log file: D:/搜狗高速下载/CelluarAutomata_FPGA-master/CelluarAutomata_FPGA-master/vivado.log
# Journal file: D:/搜狗高速下载/CelluarAutomata_FPGA-master/CelluarAutomata_FPGA-master\vivado.jou
#-----------------------------------------------------------
start_gui
open_project D:/搜狗高速下载/CelluarAutomata_FPGA-master/CelluarAutomata_FPGA-master/CelluarAutomata_FPGA.xpr
update_compile_order -fileset sources_1
open_hw
connect_hw_server -url localhost:3121
current_hw_target [get_hw_targets */xilinx_tcf/Digilent/210292708836A]
set_property PARAM.FREQUENCY 15000000 [get_hw_targets */xilinx_tcf/Digilent/210292708836A]
open_hw_target
current_hw_device [lindex [get_hw_devices] 0]
refresh_hw_device -update_hw_probes false [lindex [get_hw_devices] 0]
reset_run synth_1
launch_runs impl_1 -to_step write_bitstream
wait_on_run impl_1
